// Jest Snapshot v1, https://goo.gl/fbAQLP

exports[`<App /> renders correctly 1`] = `
<div
  className="App"
>
  <Connect(FlashMessages) />
  <Switch>
    <Redirect
      exact={true}
      from="/"
      push={false}
      to="/upload"
    />
    <Route
      component={[Function]}
      path="/upload"
    />
    <Route
      component={[Function]}
      path="/tagging"
    />
    <Route
      component={[Function]}
      path="/images"
    />
  </Switch>
</div>
`;
