// Jest Snapshot v1, https://goo.gl/fbAQLP

exports[`<NavBar /> renders correctly 1`] = `
<NavBar
  activeTeam={null}
  isTeamSidebarOpen={false}
  onTeamClick={[Function]}
>
  <div
    className="NavBar"
  >
    <div
      className="NavBar__inner"
    >
      <div
        className="NavBar__right"
      >
        <NavLink
          activeClassName="NavBar__item--active"
          aria-current="page"
          className="NavBar__item"
          to="/images"
        >
          <Route
            path="\\\\/images"
          >
            <Link
              aria-current={null}
              className="NavBar__item"
              replace={false}
              to="/images"
            >
              <a
                aria-current={null}
                className="NavBar__item"
                href="/images"
                onClick={[Function]}
              >
                <MdImage
                  className="NavBar__item__icon navbar-key"
                >
                  <IconBase
                    attr={
                      Object {
                        "viewBox": "0 0 24 24",
                      }
                    }
                    className="NavBar__item__icon navbar-key"
                  >
                    <svg
                      className="NavBar__item__icon navbar-key"
                      fill="currentColor"
                      height="1em"
                      stroke="currentColor"
                      strokeWidth="0"
                      style={
                        Object {
                          "color": undefined,
                        }
                      }
                      viewBox="0 0 24 24"
                      width="1em"
                      xmlns="http://www.w3.org/2000/svg"
                    >
                      <path
                        d="M21 19V5c0-1.1-.9-2-2-2H5c-1.1 0-2 .9-2 2v14c0 1.1.9 2 2 2h14c1.1 0 2-.9 2-2zM8.5 13.5l2.5 3.01L14.5 12l4.5 6H5l3.5-4.5z"
                        key="0"
                      />
                    </svg>
                  </IconBase>
                </MdImage>
                <span
                  className="NavBar__item__text navbar-key"
                >
                  Gallery
                </span>
              </a>
            </Link>
          </Route>
        </NavLink>
        <div
          className="NavBar__item"
        >
          <Connect(OnClickOutside(Dropdown))>
            <OnClickOutside(Dropdown)
              dispatch={[Function]}
              eventTypes={
                Array [
                  "mousedown",
                  "touchstart",
                ]
              }
              excludeScrollbar={false}
              outsideClickIgnoreClass="ignore-react-onclickoutside"
              preventDefault={false}
              stopPropagation={false}
              user={null}
            >
              <Dropdown
                disableOnClickOutside={[Function]}
                dispatch={[Function]}
                enableOnClickOutside={[Function]}
                eventTypes={
                  Array [
                    "mousedown",
                    "touchstart",
                  ]
                }
                outsideClickIgnoreClass="ignore-react-onclickoutside"
                preventDefault={false}
                stopPropagation={false}
                user={null}
              >
                <div
                  className="Dropdown"
                >
                  <div
                    className="Dropdown__inner"
                  >
                    <button
                      className="Dropdown__button"
                      data-cy="user-dropdown-button"
                      onClick={[Function]}
                      type="button"
                    >
                      <MdPerson
                        className="Dropdown__button__icon navbar-key"
                      >
                        <IconBase
                          attr={
                            Object {
                              "viewBox": "0 0 24 24",
                            }
                          }
                          className="Dropdown__button__icon navbar-key"
                        >
                          <svg
                            className="Dropdown__button__icon navbar-key"
                            fill="currentColor"
                            height="1em"
                            stroke="currentColor"
                            strokeWidth="0"
                            style={
                              Object {
                                "color": undefined,
                              }
                            }
                            viewBox="0 0 24 24"
                            width="1em"
                            xmlns="http://www.w3.org/2000/svg"
                          >
                            <path
                              d="M12 12c2.21 0 4-1.79 4-4s-1.79-4-4-4-4 1.79-4 4 1.79 4 4 4zm0 2c-2.67 0-8 1.34-8 4v2h16v-2c0-2.66-5.33-4-8-4z"
                              key="0"
                            />
                          </svg>
                        </IconBase>
                      </MdPerson>
                      <span
                        className="Dropdown__button__username navbar-key"
                      />
                      <IoIosArrowDown
                        className="navbar-key"
                      >
                        <IconBase
                          attr={
                            Object {
                              "viewBox": "0 0 512 512",
                            }
                          }
                          className="navbar-key"
                        >
                          <svg
                            className="navbar-key"
                            fill="currentColor"
                            height="1em"
                            stroke="currentColor"
                            strokeWidth="0"
                            style={
                              Object {
                                "color": undefined,
                              }
                            }
                            viewBox="0 0 512 512"
                            width="1em"
                            xmlns="http://www.w3.org/2000/svg"
                          >
                            <path
                              d="M256 294.1L383 167c9.4-9.4 24.6-9.4 33.9 0s9.3 24.6 0 34L273 345c-9.1 9.1-23.7 9.3-33.1.7L95 201.1c-4.7-4.7-7-10.9-7-17s2.3-12.3 7-17c9.4-9.4 24.6-9.4 33.9 0l127.1 127z"
                              key="0"
                            />
                          </svg>
                        </IconBase>
                      </IoIosArrowDown>
                    </button>
                    <div
                      className="Dropdown__container"
                    >
                      <div
                        className="Dropdown__arrow"
                      />
                      <div
                        className="Dropdown__content"
                      >
                        <ButtonLink
                          className="Dropdown__content__button"
                          to="/settings"
                        >
                          <Link
                            className="Button Dropdown__content__button"
                            replace={false}
                            to="/settings"
                          >
                            <a
                              className="Button Dropdown__content__button"
                              href="/settings"
                              onClick={[Function]}
                            >
                              Settings
                            </a>
                          </Link>
                        </ButtonLink>
                        <Button
                          className="Dropdown__content__button"
                          onClick={[Function]}
                          type="button"
                        >
                          <button
                            className="Button Dropdown__content__button"
                            onClick={[Function]}
                            type="button"
                          >
                            Logout
                          </button>
                        </Button>
                      </div>
                    </div>
                  </div>
                </div>
              </Dropdown>
            </OnClickOutside(Dropdown)>
          </Connect(OnClickOutside(Dropdown))>
        </div>
        <div
          className="NavBar__item NavBar__presentation-switch"
        >
          <Connect(PresentationSwitch)>
            <PresentationSwitch
              dispatch={[Function]}
              isPresentationModeOn={false}
            >
              <button
                className="PresentationSwitch"
                data-tip="Synchronized Presentation Mode"
                onClick={[Function]}
                type="button"
              >
                <div
                  className="PresentationSwitch__outer"
                >
                  <div
                    className="PresentationSwitch__inner"
                  />
                </div>
              </button>
              <ReactTooltip
                clickable={false}
                effect="solid"
                insecure={true}
                place="bottom"
                resizeHide={true}
                wrapper="div"
              >
                <div
                  className="__react_component_tooltip place-bottom type-dark "
                  data-id="tooltip"
                />
              </ReactTooltip>
            </PresentationSwitch>
          </Connect(PresentationSwitch)>
        </div>
      </div>
    </div>
  </div>
</NavBar>
`;
