// Jest Snapshot v1, https://goo.gl/fbAQLP

exports[`<TaggingForm /> renders correctly 1`] = `
<div
  className="TaggingForm"
>
  <div
    className="TaggingForm__title"
  >
    Tag your image!
  </div>
  <div
    className="TaggingForm__info"
  >
    Suggestions - Type number to add
  </div>
  <Component
    onSuggestionClick={[Function]}
    tags={
      Array [
        "nemo-dolorum-iusto",
      ]
    }
  />
  <div
    className="TaggingForm__info"
  >
    Type in a tag - Hit enter ‚èé - Repeat
  </div>
  DummyTagSelector
</div>
`;
