// Jest Snapshot v1, https://goo.gl/fbAQLP

exports[`<FileUpload /> renders correctly 1`] = `
<div
  className="FileUpload"
>
  <div
    className="FileUpload__inner"
  >
    <FileDropzone
      onDrop={[Function]}
    />
  </div>
</div>
`;
