// Jest Snapshot v1, https://goo.gl/fbAQLP

exports[`<Upload /> renders correctly 1`] = `
<Upload
  activeTeam={
    Object {
      "id": "2dedf601-f0bf-4290-ac3c-f5761234d068",
      "name": "odio expedita aut",
    }
  }
  dispatch={[Function]}
>
  <div
    className="Upload"
  >
    <UploadKeyboardListener
      onSelectedChange={[Function]}
      selectedUploadId={null}
      uploads={Array []}
    />
    <FileDropzone
      onDrop={[Function]}
    >
      <n
        acceptClassName="FileDropzone--accept"
        activeClassName="FileDropzone--active"
        className="FileDropzone"
        data-cy="upload-dropzone"
        disableClick={false}
        disabled={false}
        disabledClassName="FileDropzone--disabled"
        getDataTransferItems={[Function]}
        inputProps={Object {}}
        maxSize={Infinity}
        minSize={0}
        multiple={true}
        onDrop={[Function]}
        preventDropOnDocument={true}
      >
        <div
          aria-disabled={false}
          className="FileDropzone"
          data-cy="upload-dropzone"
          onClick={[Function]}
          onDragEnter={[Function]}
          onDragLeave={[Function]}
          onDragOver={[Function]}
          onDragStart={[Function]}
          onDrop={[Function]}
          style={
            Object {
              "position": "relative",
            }
          }
        >
          <span
            className="FileDropzone__text"
          >
            Place your file(s) here
          </span>
          <input
            autoComplete="off"
            disabled={false}
            multiple={true}
            onChange={[Function]}
            style={
              Object {
                "bottom": 0,
                "left": 0,
                "opacity": 0.00001,
                "pointerEvents": "none",
                "position": "absolute",
                "right": 0,
                "top": 0,
              }
            }
            type="file"
          />
        </div>
      </n>
    </FileDropzone>
  </div>
</Upload>
`;
