// Jest Snapshot v1, https://goo.gl/fbAQLP

exports[`<App /> renders correctly 1`] = `
<div
  className="App"
>
  <header
    className="App-header"
  >
    <p>
      HP2018HG1 - Website
    </p>
  </header>
</div>
`;
