// Jest Snapshot v1, https://goo.gl/fbAQLP

exports[`<ActivityIndicator /> renders correctly 1`] = `
<div
  className="ActivityIndicator"
>
  <MdCropSquare
    className="ActivityIndicator__spinner"
  />
  <div
    className="ActivityIndicator__text"
  >
    Loading
  </div>
</div>
`;
