// Jest Snapshot v1, https://goo.gl/fbAQLP

exports[`<TeamSidebar /> renders correctly 1`] = `
<Provider
  store={
    Object {
      "clearActions": [Function],
      "dispatch": [Function],
      "getActions": [Function],
      "getState": [Function],
      "replaceReducer": [Function],
      "subscribe": [Function],
    }
  }
>
  <Connect(OnClickOutside(TeamSidebar))>
    <OnClickOutside(TeamSidebar)
      dispatch={[Function]}
      eventTypes={
        Array [
          "mousedown",
          "touchstart",
        ]
      }
      excludeScrollbar={false}
      isOpen={false}
      outsideClickIgnoreClass="ignore-react-onclickoutside"
      preventDefault={false}
      stopPropagation={false}
    >
      <TeamSidebar
        disableOnClickOutside={[Function]}
        dispatch={[Function]}
        enableOnClickOutside={[Function]}
        eventTypes={
          Array [
            "mousedown",
            "touchstart",
          ]
        }
        isOpen={false}
        outsideClickIgnoreClass="ignore-react-onclickoutside"
        preventDefault={false}
        stopPropagation={false}
      >
        <div
          className="TeamSidebar TeamSidebar--collapsed"
          data-cy="team-sidebar"
        >
          <div
            className="TeamSidebar__title"
          >
            <MdPeople
              className="TeamSidebar__title__icon"
            >
              <IconBase
                attr={
                  Object {
                    "viewBox": "0 0 24 24",
                  }
                }
                className="TeamSidebar__title__icon"
              >
                <svg
                  className="TeamSidebar__title__icon"
                  fill="currentColor"
                  height="1em"
                  stroke="currentColor"
                  strokeWidth="0"
                  style={
                    Object {
                      "color": undefined,
                    }
                  }
                  viewBox="0 0 24 24"
                  width="1em"
                  xmlns="http://www.w3.org/2000/svg"
                >
                  <path
                    d="M16 11c1.66 0 2.99-1.34 2.99-3S17.66 5 16 5c-1.66 0-3 1.34-3 3s1.34 3 3 3zm-8 0c1.66 0 2.99-1.34 2.99-3S9.66 5 8 5C6.34 5 5 6.34 5 8s1.34 3 3 3zm0 2c-2.33 0-7 1.17-7 3.5V19h14v-2.5c0-2.33-4.67-3.5-7-3.5zm8 0c-.29 0-.62.02-.97.05 1.16.84 1.97 1.97 1.97 3.45V19h6v-2.5c0-2.33-4.67-3.5-7-3.5z"
                    key="0"
                  />
                </svg>
              </IconBase>
            </MdPeople>
            Teams
            <button
              className="TeamSidebar__close-button"
              onClick={[Function]}
              type="button"
            >
              <MdClose>
                <IconBase
                  attr={
                    Object {
                      "viewBox": "0 0 24 24",
                    }
                  }
                >
                  <svg
                    fill="currentColor"
                    height="1em"
                    stroke="currentColor"
                    strokeWidth="0"
                    style={
                      Object {
                        "color": undefined,
                      }
                    }
                    viewBox="0 0 24 24"
                    width="1em"
                    xmlns="http://www.w3.org/2000/svg"
                  >
                    <path
                      d="M19 6.41L17.59 5 12 10.59 6.41 5 5 6.41 10.59 12 5 17.59 6.41 19 12 13.41 17.59 19 19 17.59 13.41 12z"
                      key="0"
                    />
                  </svg>
                </IconBase>
              </MdClose>
            </button>
          </div>
          <div
            className="TeamSidebar__loading"
          >
            <ActivityIndicator
              centered={false}
              className=""
              text=""
            >
              <div
                className="ActivityIndicator"
              >
                <MdCropSquare
                  className="ActivityIndicator__spinner"
                >
                  <IconBase
                    attr={
                      Object {
                        "viewBox": "0 0 24 24",
                      }
                    }
                    className="ActivityIndicator__spinner"
                  >
                    <svg
                      className="ActivityIndicator__spinner"
                      fill="currentColor"
                      height="1em"
                      stroke="currentColor"
                      strokeWidth="0"
                      style={
                        Object {
                          "color": undefined,
                        }
                      }
                      viewBox="0 0 24 24"
                      width="1em"
                      xmlns="http://www.w3.org/2000/svg"
                    >
                      <path
                        d="M18 4H6c-1.1 0-2 .9-2 2v12c0 1.1.9 2 2 2h12c1.1 0 2-.9 2-2V6c0-1.1-.9-2-2-2zm0 14H6V6h12v12z"
                        key="0"
                      />
                    </svg>
                  </IconBase>
                </MdCropSquare>
              </div>
            </ActivityIndicator>
          </div>
        </div>
      </TeamSidebar>
    </OnClickOutside(TeamSidebar)>
  </Connect(OnClickOutside(TeamSidebar))>
</Provider>
`;
